<?xml version="1.0" encoding="utf-8"?><testsuites><testsuite name="pytest" errors="0" failures="0" skipped="0" tests="82" time="0.260" timestamp="2023-07-03T23:23:53.346152" hostname="COH-TQ24P7KY6R"><testcase classname="test_api" name="test_customer_info[0]" time="0.034" /><testcase classname="test_api" name="test_customer_info[1]" time="0.002" /><testcase classname="test_api" name="test_customer_info[2]" time="0.001" /><testcase classname="test_api" name="test_customer_info[3]" time="0.001" /><testcase classname="test_api" name="test_customer_info[4]" time="0.001" /><testcase classname="test_api" name="test_customer_info[5]" time="0.001" /><testcase classname="test_api" name="test_customer_info[6]" time="0.001" /><testcase classname="test_api" name="test_customer_info[7]" time="0.001" /><testcase classname="test_api" name="test_customer_info[8]" time="0.001" /><testcase classname="test_api" name="test_customer_info[9]" time="0.001" /><testcase classname="test_api" name="test_negative_customer_info[0]" time="0.001" /><testcase classname="test_api" name="test_negative_customer_info[1]" time="0.001" /><testcase classname="test_api" name="test_negative_customer_info[2]" time="0.001" /><testcase classname="test_api" name="test_negative_customer_info[3]" time="0.001" /><testcase classname="test_api" name="test_negative_customer_info[4]" time="0.001" /><testcase classname="test_api" name="test_negative_customer_info[5]" time="0.001" /><testcase classname="test_api" name="test_negative_customer_info[6]" time="0.001" /><testcase classname="test_api" name="test_negative_customer_info[7]" time="0.001" /><testcase classname="test_api" name="test_negative_customer_info[8]" time="0.001" /><testcase classname="test_api" name="test_negative_customer_info[9]" time="0.001" /><testcase classname="test_api" name="test_date_screen[0]" time="0.001" /><testcase classname="test_api" name="test_date_screen[1]" time="0.001" /><testcase classname="test_api" name="test_date_screen[2]" time="0.001" /><testcase classname="test_api" name="test_date_screen[3]" time="0.001" /><testcase classname="test_api" name="test_date_screen[4]" time="0.001" /><testcase classname="test_api" name="test_date_screen[5]" time="0.002" /><testcase classname="test_api" name="test_date_screen[6]" time="0.001" /><testcase classname="test_api" name="test_date_screen[7]" time="0.004" /><testcase classname="test_api" name="test_date_screen[8]" time="0.003" /><testcase classname="test_api" name="test_date_screen[9]" time="0.001" /><testcase classname="test_api" name="test_vehicle_screen[0]" time="0.002" /><testcase classname="test_api" name="test_vehicle_screen[1]" time="0.002" /><testcase classname="test_api" name="test_vehicle_screen[2]" time="0.002" /><testcase classname="test_api" name="test_vehicle_screen[3]" time="0.002" /><testcase classname="test_api" name="test_vehicle_screen[4]" time="0.001" /><testcase classname="test_api" name="test_vehicle_screen[5]" time="0.001" /><testcase classname="test_api" name="test_vehicle_screen[6]" time="0.001" /><testcase classname="test_api" name="test_vehicle_screen[7]" time="0.001" /><testcase classname="test_api" name="test_vehicle_screen[8]" time="0.001" /><testcase classname="test_api" name="test_vehicle_screen[9]" time="0.001" /><testcase classname="test_api" name="test_license_screen[0]" time="0.001" /><testcase classname="test_api" name="test_license_screen[1]" time="0.001" /><testcase classname="test_api" name="test_license_screen[2]" time="0.001" /><testcase classname="test_api" name="test_license_screen[3]" time="0.001" /><testcase classname="test_api" name="test_license_screen[4]" time="0.001" /><testcase classname="test_api" name="test_license_screen[5]" time="0.001" /><testcase classname="test_api" name="test_license_screen[6]" time="0.001" /><testcase classname="test_api" name="test_license_screen[7]" time="0.001" /><testcase classname="test_api" name="test_license_screen[8]" time="0.001" /><testcase classname="test_api" name="test_license_screen[9]" time="0.001" /><testcase classname="test_api" name="test_driver_screen[0]" time="0.001" /><testcase classname="test_api" name="test_driver_screen[1]" time="0.001" /><testcase classname="test_api" name="test_driver_screen[2]" time="0.001" /><testcase classname="test_api" name="test_driver_screen[3]" time="0.001" /><testcase classname="test_api" name="test_driver_screen[4]" time="0.001" /><testcase classname="test_api" name="test_driver_screen[5]" time="0.001" /><testcase classname="test_api" name="test_driver_screen[6]" time="0.001" /><testcase classname="test_api" name="test_driver_screen[7]" time="0.001" /><testcase classname="test_api" name="test_driver_screen[8]" time="0.001" /><testcase classname="test_api" name="test_driver_screen[9]" time="0.001" /><testcase classname="test_api" name="test_coverage_screen[0]" time="0.001" /><testcase classname="test_api" name="test_coverage_screen[1]" time="0.001" /><testcase classname="test_api" name="test_coverage_screen[2]" time="0.001" /><testcase classname="test_api" name="test_coverage_screen[3]" time="0.001" /><testcase classname="test_api" name="test_coverage_screen[4]" time="0.001" /><testcase classname="test_api" name="test_coverage_screen[5]" time="0.001" /><testcase classname="test_api" name="test_coverage_screen[6]" time="0.002" /><testcase classname="test_api" name="test_coverage_screen[7]" time="0.001" /><testcase classname="test_api" name="test_coverage_screen[8]" time="0.001" /><testcase classname="test_api" name="test_coverage_screen[9]" time="0.001" /><testcase classname="test_api" name="test_quote_screen[0]" time="0.001" /><testcase classname="test_api" name="test_quote_screen[1]" time="0.001" /><testcase classname="test_api" name="test_quote_screen[2]" time="0.001" /><testcase classname="test_api" name="test_quote_screen[3]" time="0.001" /><testcase classname="test_api" name="test_quote_screen[4]" time="0.001" /><testcase classname="test_api" name="test_quote_screen[5]" time="0.001" /><testcase classname="test_api" name="test_quote_screen[6]" time="0.001" /><testcase classname="test_api" name="test_quote_screen[7]" time="0.001" /><testcase classname="test_api" name="test_quote_screen[8]" time="0.001" /><testcase classname="test_api" name="test_quote_screen[9]" time="0.001" /><testcase classname="test_api" name="test_login_api" time="0.001" /><testcase classname="test_api" name="test_failed_login_api" time="0.002" /></testsuite></testsuites>